******************************************************************************
             TMS320C2000 Linker PC v6.2.7                      
******************************************************************************
>> Linked Sun Dec 17 18:36:53 2017

OUTPUT FILE NAME:   <LED-ColorMix.out>
ENTRY POINT SYMBOL: "_c_int00"  address: 003f676d


MEMORY CONFIGURATION

         name            origin    length      used     unused   attr    fill
----------------------  --------  ---------  --------  --------  ----  --------
PAGE 0:
  BOOT_RSVD             00000000   00000050  00000000  00000050  RWIX
  progRAM               00008000   00000800  0000001f  000007e1  RWIX
  OTP                   003d7800   00000400  00000000  00000400  RWIX
  FLASHD                003f0000   00002000  00000000  00002000  RWIX
  FLASHC                003f2000   00002000  00000000  00002000  RWIX
  FLASHA                003f6000   00001f80  00000ecc  000010b4  RWIX
  CSM_RSVD              003f7f80   00000076  00000000  00000076  RWIX
  BEGIN                 003f7ff6   00000002  00000002  00000000  RWIX
  CSM_PWL               003f7ff8   00000008  00000000  00000008  RWIX
  IQTABLES              003fe000   00000b50  00000000  00000b50  RWIX
  IQTABLES2             003feb50   0000008c  00000000  0000008c  RWIX
  IQTABLES3             003febdc   000000aa  00000000  000000aa  RWIX
  BOOTROM               003ff27c   00000d44  00000000  00000d44  RWIX
  RESET                 003fffc0   00000002  00000000  00000002  RWIX
  VECTORS               003fffc2   0000003e  00000000  0000003e  RWIX

PAGE 1:
  RAMM0                 00000050   000003b0  00000300  000000b0  RWIX
  RAMM1                 00000400   00000400  00000000  00000400  RWIX
  DEV_EMU               00000880   00000105  00000004  00000101  RWIX
  SYS_PWR_CTL           00000985   00000003  00000003  00000000  RWIX
  FLASH_REGS            00000a80   00000060  00000008  00000058  RWIX
  CSM                   00000ae0   00000010  00000010  00000000  RWIX
  ADC_RESULT            00000b00   00000020  00000020  00000000  RWIX
  CPU_TIMER0            00000c00   00000008  00000008  00000000  RWIX
  CPU_TIMER1            00000c08   00000008  00000008  00000000  RWIX
  CPU_TIMER2            00000c10   00000008  00000008  00000000  RWIX
  PIE_CTRL              00000ce0   00000020  0000001a  00000006  RWIX
  PIE_VECT              00000d00   00000100  00000100  00000000  RWIX
  COMP1                 00006400   00000020  00000011  0000000f  RWIX
  COMP2                 00006420   00000020  00000011  0000000f  RWIX
  EPWM1                 00006800   00000040  00000040  00000000  RWIX
  EPWM2                 00006840   00000040  00000040  00000000  RWIX
  EPWM3                 00006880   00000040  00000040  00000000  RWIX
  EPWM4                 000068c0   00000040  00000040  00000000  RWIX
  ECAP1                 00006a00   00000020  00000020  00000000  RWIX
  GPIOCTRL              00006f80   00000040  00000040  00000000  RWIX
  GPIODAT               00006fc0   00000020  00000020  00000000  RWIX
  GPIOINT               00006fe0   00000020  0000000a  00000016  RWIX
  SYSTEM                00007010   00000020  0000001f  00000001  RWIX
  SPIA                  00007040   00000010  00000010  00000000  RWIX
  SCIA                  00007050   00000010  00000010  00000000  RWIX
  NMIINTRUPT            00007060   00000010  00000010  00000000  RWIX
  XINTRUPT              00007070   00000010  00000010  00000000  RWIX
  ADC                   00007100   00000080  00000051  0000002f  RWIX
  I2CA                  00007900   00000040  00000022  0000001e  RWIX
  dataRAM               00008800   00000800  000005bb  00000245  RWIX
  PARTID                003d7fff   00000001  00000001  00000000  RWIX
  FLASHB                003f4000   00002000  00000000  00002000  RWIX
  CSM_PWL               003f7ff8   00000008  00000008  00000000  RWIX


SECTION ALLOCATION MAP

 output                                  attributes/
section   page    origin      length       input sections
--------  ----  ----------  ----------   ----------------
.pinit     0    003f6000    00000000     UNINITIALIZED

.text      0    003f6000    00000d17     
                  003f6000    00000162     main.obj (.text:_adc_isr)
                  003f6162    00000150     f2802x_adc.obj (.text:_AdcConversion)
                  003f62b2    000000c8     main.obj (.text:_main)
                  003f637a    00000083     rts2800_ml.lib : fs_div.obj (.text)
                  003f63fd    00000078                    : fs_add.obj (.text)
                  003f6475    00000075     f2802x_adc.obj (.text:_AdcChanSelect)
                  003f64ea    00000072     F2802x_Gpio.obj (.text:_InitGpio)
                  003f655c    00000066     f2802x_adc.obj (.text:_ConfigureADC)
                  003f65c2    00000066     input_control.obj (.text:_analog_ChkInputFreq)
                  003f6628    0000005a     rts2800_ml.lib : fs_mpy.obj (.text)
                  003f6682    00000054     f2802x_sysctrl.obj (.text:_InitPll)
                  003f66d6    0000004e     F2802x_EPwm.obj (.text:_InitEPwm1)
                  003f6724    00000049     input_control.obj (.text:_analog_calcRMS)
                  003f676d    00000044     rts2800_ml.lib : boot.obj (.text)
                  003f67b1    0000003e     input_control.obj (.text:_movingAvg32)
                  003f67ef    0000003d     control_loop.obj (.text:_PI_VBus)
                  003f682c    00000034     SCICommu_Ctrl.obj (.text:_SCI_DoRx)
                  003f6860    00000032     f2802x_sysctrl.obj (.text:_InitPeripheralClocks)
                  003f6892    0000002f     f2802x_adc.obj (.text:_InitComp)
                  003f68c1    0000002c     input_control.obj (.text:_analog_ChkInputCalc)
                  003f68ed    00000029     rts2800_ml.lib : fs_tol.obj (.text)
                  003f6916    00000027     f2802x_adc.obj (.text:_AdcOffsetSelfCal)
                  003f693d    00000026     control_loop.obj (.text:_Vbus_Control)
                  003f6963    00000025     f2802x_pievect.obj (.text:_InitPieVectTable)
                  003f6988    00000022     Timer.obj (.text:_Filter_date)
                  003f69aa    00000021     rts2800_ml.lib : fs_toul.obj (.text)
                  003f69cb    00000021                    : memcpy_ff.obj (.text)
                  003f69ec    00000020     SCICommu_Ctrl.obj (.text:_SCI_DataRx)
                  003f6a0c    0000001f     f2802x_piectrl.obj (.text:_InitPieCtrl)
                  003f6a2b    0000001e     f2802x_adc.obj (.text:_InitAdc)
                  003f6a49    0000001c     f2802x_cputimers.obj (.text:_InitCpuTimers)
                  003f6a65    0000001c     input_control.obj (.text:_analog_CalcIpParameters)
                  003f6a81    0000001a     f2802x_sysctrl.obj (.text:_InitSysCtrl)
                  003f6a9b    0000001a     input_control.obj (.text:_hptsc_ElapsedTicket)
                  003f6ab5    00000019     SCICommu_Ctrl.obj (.text:_SCI_DoTx)
                  003f6ace    00000019     rts2800_ml.lib : args_main.obj (.text)
                  003f6ae7    00000019                    : exit.obj (.text)
                  003f6b00    00000017     control_loop.obj (.text:_Check_Fast_Bus_Voltage_Conditions)
                  003f6b17    00000017     DSP2803x_Sci.obj (.text:_InitSci)
                  003f6b2e    00000016     input_control.obj (.text:_hptsc_IsElapsedRepetitive)
                  003f6b44    00000014     DSP2803x_Sci.obj (.text:_InitSciaGpio)
                  003f6b58    00000013     control_loop.obj (.text:_Vbus_Feedforward_Scaling)
                  003f6b6b    00000013     rts2800_ml.lib : ul_tofs.obj (.text)
                  003f6b7e    00000012     F2802x_EPwm.obj (.text:_InitEPwm1Gpio)
                  003f6b90    00000011     F2802x_EPwm.obj (.text:_InitEPwm)
                  003f6ba1    00000010     f2802x_sysctrl.obj (.text:_IntOsc1Sel)
                  003f6bb1    0000000d     input_control.obj (.text:_period_1ms_repetitive)
                  003f6bbe    0000000c     control_loop.obj (.text:_Vbus_Control_Init)
                  003f6bca    0000000c     input_control.obj (.text:_period_200us_repetitive)
                  003f6bd6    0000000a     input_control.obj (.text:_hptsc_Timestamp)
                  003f6be0    00000009     SCICommu_Ctrl.obj (.text:_SCICommu_Control)
                  003f6be9    00000009     rts2800_ml.lib : _lock.obj (.text)
                  003f6bf2    00000008     f2802x_sysctrl.obj (.text:_DisableDog)
                  003f6bfa    00000008     control_loop.obj (.text:_PFC_On)
                  003f6c02    00000008     f2802x_codestartbranch.obj (.text)
                  003f6c0a    00000006     input_control.obj (.text:_hptsc_Elapsed)
                  003f6c10    00000005     f2802x_defaultisr.obj (.text:_ADCINT1_ISR)
                  003f6c15    00000005     f2802x_defaultisr.obj (.text:_ADCINT2_ISR)
                  003f6c1a    00000005     f2802x_defaultisr.obj (.text:_ADCINT3_ISR)
                  003f6c1f    00000005     f2802x_defaultisr.obj (.text:_ADCINT4_ISR)
                  003f6c24    00000005     f2802x_defaultisr.obj (.text:_ADCINT5_ISR)
                  003f6c29    00000005     f2802x_defaultisr.obj (.text:_ADCINT6_ISR)
                  003f6c2e    00000005     f2802x_defaultisr.obj (.text:_ADCINT7_ISR)
                  003f6c33    00000005     f2802x_defaultisr.obj (.text:_ADCINT8_ISR)
                  003f6c38    00000005     f2802x_defaultisr.obj (.text:_ADCINT9_ISR)
                  003f6c3d    00000005     f2802x_defaultisr.obj (.text:_DATALOG_ISR)
                  003f6c42    00000005     f2802x_defaultisr.obj (.text:_ECAP1_INT_ISR)
                  003f6c47    00000005     f2802x_defaultisr.obj (.text:_EMPTY_ISR)
                  003f6c4c    00000005     f2802x_defaultisr.obj (.text:_EMUINT_ISR)
                  003f6c51    00000005     f2802x_defaultisr.obj (.text:_EPWM1_INT_ISR)
                  003f6c56    00000005     f2802x_defaultisr.obj (.text:_EPWM1_TZINT_ISR)
                  003f6c5b    00000005     f2802x_defaultisr.obj (.text:_EPWM2_INT_ISR)
                  003f6c60    00000005     f2802x_defaultisr.obj (.text:_EPWM2_TZINT_ISR)
                  003f6c65    00000005     f2802x_defaultisr.obj (.text:_EPWM3_INT_ISR)
                  003f6c6a    00000005     f2802x_defaultisr.obj (.text:_EPWM3_TZINT_ISR)
                  003f6c6f    00000005     f2802x_defaultisr.obj (.text:_EPWM4_INT_ISR)
                  003f6c74    00000005     f2802x_defaultisr.obj (.text:_EPWM4_TZINT_ISR)
                  003f6c79    00000005     f2802x_defaultisr.obj (.text:_I2CINT1A_ISR)
                  003f6c7e    00000005     f2802x_defaultisr.obj (.text:_I2CINT2A_ISR)
                  003f6c83    00000005     f2802x_defaultisr.obj (.text:_ILLEGAL_ISR)
                  003f6c88    00000005     f2802x_defaultisr.obj (.text:_INT13_ISR)
                  003f6c8d    00000005     f2802x_defaultisr.obj (.text:_INT14_ISR)
                  003f6c92    00000005     f2802x_defaultisr.obj (.text:_NMI_ISR)
                  003f6c97    00000005     f2802x_defaultisr.obj (.text:_PIE_RESERVED)
                  003f6c9c    00000005     f2802x_defaultisr.obj (.text:_RTOSINT_ISR)
                  003f6ca1    00000005     f2802x_defaultisr.obj (.text:_SCIRXINTA_ISR)
                  003f6ca6    00000005     f2802x_defaultisr.obj (.text:_SCITXINTA_ISR)
                  003f6cab    00000005     f2802x_defaultisr.obj (.text:_SPIRXINTA_ISR)
                  003f6cb0    00000005     f2802x_defaultisr.obj (.text:_SPITXINTA_ISR)
                  003f6cb5    00000005     f2802x_defaultisr.obj (.text:_TINT0_ISR)
                  003f6cba    00000005     f2802x_defaultisr.obj (.text:_USER10_ISR)
                  003f6cbf    00000005     f2802x_defaultisr.obj (.text:_USER11_ISR)
                  003f6cc4    00000005     f2802x_defaultisr.obj (.text:_USER12_ISR)
                  003f6cc9    00000005     f2802x_defaultisr.obj (.text:_USER1_ISR)
                  003f6cce    00000005     f2802x_defaultisr.obj (.text:_USER2_ISR)
                  003f6cd3    00000005     f2802x_defaultisr.obj (.text:_USER3_ISR)
                  003f6cd8    00000005     f2802x_defaultisr.obj (.text:_USER4_ISR)
                  003f6cdd    00000005     f2802x_defaultisr.obj (.text:_USER5_ISR)
                  003f6ce2    00000005     f2802x_defaultisr.obj (.text:_USER6_ISR)
                  003f6ce7    00000005     f2802x_defaultisr.obj (.text:_USER7_ISR)
                  003f6cec    00000005     f2802x_defaultisr.obj (.text:_USER8_ISR)
                  003f6cf1    00000005     f2802x_defaultisr.obj (.text:_USER9_ISR)
                  003f6cf6    00000005     f2802x_defaultisr.obj (.text:_WAKEINT_ISR)
                  003f6cfb    00000005     f2802x_defaultisr.obj (.text:_XINT1_ISR)
                  003f6d00    00000005     f2802x_defaultisr.obj (.text:_XINT2_ISR)
                  003f6d05    00000005     f2802x_defaultisr.obj (.text:_XINT3_ISR)
                  003f6d0a    00000005     f2802x_defaultisr.obj (.text:_rsvd_ISR)
                  003f6d0f    00000003     F2802x_EPwm.obj (.text:_InitEPwmGpio)
                  003f6d12    00000003     DSP2803x_Sci.obj (.text:_InitSciGpio)
                  003f6d15    00000001     control_loop.obj (.text:_Power_state_control)
                  003f6d16    00000001     control_loop.obj (.text:_Vbus_Generate_Err)

.econst    0    003f6d18    00000100     
                  003f6d18    00000100     f2802x_pievect.obj (.econst)

.cinit     0    003f6e18    00000096     
                  003f6e18    00000037     input_control.obj (.cinit)
                  003f6e4f    00000024     main.obj (.cinit)
                  003f6e73    00000015     SCICommu_Ctrl.obj (.cinit)
                  003f6e88    0000000c     Timer.obj (.cinit)
                  003f6e94    0000000a     rts2800_ml.lib : _lock.obj (.cinit)
                  003f6e9e    0000000a                    : exit.obj (.cinit)
                  003f6ea8    00000004     control_loop.obj (.cinit)
                  003f6eac    00000002     --HOLE-- [fill = 0]

ramfuncs   0    003f6eae    0000001f     RUN ADDR = 00008000
                  003f6eae    0000001b     f2802x_sysctrl.obj (ramfuncs:_InitFlash)
                  003f6ec9    00000004     f2802x_usdelay.obj (ramfuncs)

codestart 
*          0    003f7ff6    00000002     
                  003f7ff6    00000002     f2802x_codestartbranch.obj (codestart)

.reset     0    003fffc0    00000002     DSECT
                  003fffc0    00000002     rts2800_ml.lib : boot.obj (.reset)

vectors    0    003fffc2    00000000     DSECT

.stack     1    00000050    00000300     UNINITIALIZED
                  00000050    00000300     --HOLE--

DevEmuRegsFile 
*          1    00000880    00000004     UNINITIALIZED
                  00000880    00000004     F2802x_GlobalVariableDefs.obj (DevEmuRegsFile)

SysPwrCtrlRegsFile 
*          1    00000985    00000003     UNINITIALIZED
                  00000985    00000003     F2802x_GlobalVariableDefs.obj (SysPwrCtrlRegsFile)

FlashRegsFile 
*          1    00000a80    00000008     UNINITIALIZED
                  00000a80    00000008     F2802x_GlobalVariableDefs.obj (FlashRegsFile)

CsmRegsFile 
*          1    00000ae0    00000010     UNINITIALIZED
                  00000ae0    00000010     F2802x_GlobalVariableDefs.obj (CsmRegsFile)

AdcResultFile 
*          1    00000b00    00000020     UNINITIALIZED
                  00000b00    00000020     F2802x_GlobalVariableDefs.obj (AdcResultFile)

CpuTimer0RegsFile 
*          1    00000c00    00000008     UNINITIALIZED
                  00000c00    00000008     F2802x_GlobalVariableDefs.obj (CpuTimer0RegsFile)

CpuTimer1RegsFile 
*          1    00000c08    00000008     UNINITIALIZED
                  00000c08    00000008     F2802x_GlobalVariableDefs.obj (CpuTimer1RegsFile)

CpuTimer2RegsFile 
*          1    00000c10    00000008     UNINITIALIZED
                  00000c10    00000008     F2802x_GlobalVariableDefs.obj (CpuTimer2RegsFile)

PieCtrlRegsFile 
*          1    00000ce0    0000001a     UNINITIALIZED
                  00000ce0    0000001a     F2802x_GlobalVariableDefs.obj (PieCtrlRegsFile)

PieVectTableFile 
*          1    00000d00    00000100     UNINITIALIZED
                  00000d00    00000100     F2802x_GlobalVariableDefs.obj (PieVectTableFile)

EmuKeyVar 
*          1    00000d00    00000001     UNINITIALIZED
                  00000d00    00000001     F2802x_GlobalVariableDefs.obj (EmuKeyVar)

EmuBModeVar 
*          1    00000d01    00000001     UNINITIALIZED
                  00000d01    00000001     F2802x_GlobalVariableDefs.obj (EmuBModeVar)

FlashCallbackVar 
*          1    00000d02    00000002     UNINITIALIZED
                  00000d02    00000002     F2802x_GlobalVariableDefs.obj (FlashCallbackVar)

FlashScalingVar 
*          1    00000d04    00000002     UNINITIALIZED
                  00000d04    00000002     F2802x_GlobalVariableDefs.obj (FlashScalingVar)

Comp1RegsFile 
*          1    00006400    00000011     UNINITIALIZED
                  00006400    00000011     F2802x_GlobalVariableDefs.obj (Comp1RegsFile)

Comp2RegsFile 
*          1    00006420    00000011     UNINITIALIZED
                  00006420    00000011     F2802x_GlobalVariableDefs.obj (Comp2RegsFile)

EPwm1RegsFile 
*          1    00006800    00000040     UNINITIALIZED
                  00006800    00000040     F2802x_GlobalVariableDefs.obj (EPwm1RegsFile)

EPwm2RegsFile 
*          1    00006840    00000040     UNINITIALIZED
                  00006840    00000040     F2802x_GlobalVariableDefs.obj (EPwm2RegsFile)

EPwm3RegsFile 
*          1    00006880    00000040     UNINITIALIZED
                  00006880    00000040     F2802x_GlobalVariableDefs.obj (EPwm3RegsFile)

EPwm4RegsFile 
*          1    000068c0    00000040     UNINITIALIZED
                  000068c0    00000040     F2802x_GlobalVariableDefs.obj (EPwm4RegsFile)

ECap1RegsFile 
*          1    00006a00    00000020     UNINITIALIZED
                  00006a00    00000020     F2802x_GlobalVariableDefs.obj (ECap1RegsFile)

GpioCtrlRegsFile 
*          1    00006f80    00000040     UNINITIALIZED
                  00006f80    00000040     F2802x_GlobalVariableDefs.obj (GpioCtrlRegsFile)

GpioDataRegsFile 
*          1    00006fc0    00000020     UNINITIALIZED
                  00006fc0    00000020     F2802x_GlobalVariableDefs.obj (GpioDataRegsFile)

GpioIntRegsFile 
*          1    00006fe0    0000000a     UNINITIALIZED
                  00006fe0    0000000a     F2802x_GlobalVariableDefs.obj (GpioIntRegsFile)

SysCtrlRegsFile 
*          1    00007010    0000001f     UNINITIALIZED
                  00007010    0000001f     F2802x_GlobalVariableDefs.obj (SysCtrlRegsFile)

SpiaRegsFile 
*          1    00007040    00000010     UNINITIALIZED
                  00007040    00000010     F2802x_GlobalVariableDefs.obj (SpiaRegsFile)

SciaRegsFile 
*          1    00007050    00000010     UNINITIALIZED
                  00007050    00000010     F2802x_GlobalVariableDefs.obj (SciaRegsFile)

NmiIntruptRegsFile 
*          1    00007060    00000010     UNINITIALIZED
                  00007060    00000010     F2802x_GlobalVariableDefs.obj (NmiIntruptRegsFile)

XIntruptRegsFile 
*          1    00007070    00000010     UNINITIALIZED
                  00007070    00000010     F2802x_GlobalVariableDefs.obj (XIntruptRegsFile)

AdcRegsFile 
*          1    00007100    00000051     UNINITIALIZED
                  00007100    00000051     F2802x_GlobalVariableDefs.obj (AdcRegsFile)

I2caRegsFile 
*          1    00007900    00000022     UNINITIALIZED
                  00007900    00000022     F2802x_GlobalVariableDefs.obj (I2caRegsFile)

.ebss      1    00008800    000005bb     UNINITIALIZED
                  00008800    00000428     SCICommu_Ctrl.obj (.ebss)
                  00008c28    00000018     f2802x_cputimers.obj (.ebss)
                  00008c40    00000106     input_control.obj (.ebss)
                  00008d46    0000001a     control_loop.obj (.ebss)
                  00008d60    00000009     main.obj (.ebss)
                  00008d69    00000001     --HOLE--
                  00008d6a    00000004     rts2800_ml.lib : _lock.obj (.ebss)
                  00008d6e    00000004                    : exit.obj (.ebss)
                  00008d72    0000000e     --HOLE--
                  00008d80    0000003b     Timer.obj (.ebss)

PartIdRegsFile 
*          1    003d7fff    00000001     UNINITIALIZED
                  003d7fff    00000001     F2802x_GlobalVariableDefs.obj (PartIdRegsFile)

CsmPwlFile 
*          1    003f7ff8    00000008     UNINITIALIZED
                  003f7ff8    00000008     F2802x_GlobalVariableDefs.obj (CsmPwlFile)


GLOBAL DATA SYMBOLS: SORTED BY DATA PAGE

address     data page           name
--------    ----------------    ----
00000050       1 (00000040)     __stack

00000880      22 (00000880)     _DevEmuRegs

00000985      26 (00000980)     _SysPwrCtrlRegs

00000a80      2a (00000a80)     _FlashRegs

00000ae0      2b (00000ac0)     _CsmRegs

00000b00      2c (00000b00)     _AdcResult

00000c00      30 (00000c00)     _CpuTimer0Regs
00000c08      30 (00000c00)     _CpuTimer1Regs
00000c10      30 (00000c00)     _CpuTimer2Regs

00000ce0      33 (00000cc0)     _PieCtrlRegs

00000d00      34 (00000d00)     _EmuKey
00000d00      34 (00000d00)     _PieVectTable
00000d01      34 (00000d00)     _EmuBMode
00000d02      34 (00000d00)     _Flash_CallbackPtr
00000d04      34 (00000d00)     _Flash_CPUScaleFactor

00006400     190 (00006400)     _Comp1Regs
00006420     190 (00006400)     _Comp2Regs

00006800     1a0 (00006800)     _EPwm1Regs

00006840     1a1 (00006840)     _EPwm2Regs

00006880     1a2 (00006880)     _EPwm3Regs

000068c0     1a3 (000068c0)     _EPwm4Regs

00006a00     1a8 (00006a00)     _ECap1Regs

00006f80     1be (00006f80)     _GpioCtrlRegs

00006fc0     1bf (00006fc0)     _GpioDataRegs
00006fe0     1bf (00006fc0)     _GpioIntRegs

00007010     1c0 (00007000)     _SysCtrlRegs

00007040     1c1 (00007040)     _SpiaRegs
00007050     1c1 (00007040)     _SciaRegs
00007060     1c1 (00007040)     _NmiIntruptRegs
00007070     1c1 (00007040)     _XIntruptRegs

00007100     1c4 (00007100)     _AdcRegs

00007900     1e4 (00007900)     _I2caRegs

00008800     220 (00008800)     _KP_set
00008801     220 (00008800)     _KI_set
00008802     220 (00008800)     _KD_set
00008803     220 (00008800)     _Txd_Cnt
00008804     220 (00008800)     _Rxd_buf

00008840     221 (00008840)     _Txd_buf

00008c28     230 (00008c00)     _CpuTimer1
00008c30     230 (00008c00)     _CpuTimer2
00008c38     230 (00008c00)     _CpuTimer0

00008c40     231 (00008c40)     _u8IpSampleCnt
00008c41     231 (00008c40)     _u16IpVoltRMSAvg
00008c43     231 (00008c40)     _u16IpVoltRMS
00008c44     231 (00008c40)     _InputFreqState_e
00008c4c     231 (00008c40)     _test
00008c58     231 (00008c40)     _u32AcHalfPeriod
00008c5a     231 (00008c40)     _u32AcHalfPeriodAvg
00008c5c     231 (00008c40)     _u32IpVoltSumOfSquare

00008d46     235 (00008d40)     _uVbus_Gain_Adj_AC
00008d47     235 (00008d40)     _uAvgSqVin_z1
00008d48     235 (00008d40)     _uVbus_Area
00008d49     235 (00008d40)     _uPFCFlags
00008d4a     235 (00008d40)     _uPowerState
00008d4b     235 (00008d40)     _uVbus_Ref
00008d4c     235 (00008d40)     _uAvgVbusCnt
00008d4d     235 (00008d40)     _u16AvgVbus
00008d4e     235 (00008d40)     _iVbus_Err
00008d50     235 (00008d40)     _CTRL2P2Z_COEFF_current_LOOP
00008d58     235 (00008d40)     _CTRL2P2Z_COEFF_VOLTAGE_LOOP
00008d60     235 (00008d40)     _temp_vin_UV
00008d63     235 (00008d40)     _Flag_Txd_cnt
00008d66     235 (00008d40)     _temp1
00008d67     235 (00008d40)     _temp2
00008d68     235 (00008d40)     _temp_vin_UV_Clr
00008d6a     235 (00008d40)     __unlock
00008d6c     235 (00008d40)     __lock
00008d6e     235 (00008d40)     ___TI_cleanup_ptr
00008d70     235 (00008d40)     ___TI_dtors_ptr

00008d80     236 (00008d80)     _AVG_AD_u16_U_3V_REF
00008d81     236 (00008d80)     _uIctl_Ref
00008d82     236 (00008d80)     _AVG_AD_u16_U_AC_N_FB
00008d83     236 (00008d80)     _AVG_AD_u16_U_HV_FB
00008d84     236 (00008d80)     _AVG_AD_u16_U_AC_L_FB
00008d85     236 (00008d80)     _AVG_AD_u16_I_AC
00008d86     236 (00008d80)     _Flag_Txd
00008d87     236 (00008d80)     _Charge_process
00008d88     236 (00008d80)     _uVbus_Ref_Target
00008d89     236 (00008d80)     _u16Xiin
00008d8a     236 (00008d80)     _uIsenseAdj
00008d8b     236 (00008d80)     _u16Xvin
00008d8c     236 (00008d80)     _AD_u16_U_AC_L_FB
00008d8d     236 (00008d80)     _AD_u16_U_AC_N_FB
00008d8e     236 (00008d80)     _AD_u16_U_HV_FB
00008d8f     236 (00008d80)     _Cnt_boost_power
00008d90     236 (00008d80)     _AD_u16_I_AC
00008d91     236 (00008d80)     _AVG_TEMP_AD_u16_U_AC_N_FB
00008d92     236 (00008d80)     _AVG_TEMP_AD_u16_U_3V_REF
00008d93     236 (00008d80)     _AVG_TEMP_AD_u16_U_AC_L_FB
00008d94     236 (00008d80)     _AVG_TEMP_AD_u16_I_AC
00008d95     236 (00008d80)     _AVG_TEMP_AD_u16_U_HV_FB
00008d96     236 (00008d80)     _AD_u16_U_3V_REF
00008d97     236 (00008d80)     _t_Timers

003d7fff    f5ff (003d7fc0)     _PartIdRegs

003f6d18    fdb4 (003f6d00)     _PieVectTableInit

003f7ff8    fdff (003f7fc0)     _CsmPwl


GLOBAL SYMBOLS: SORTED ALPHABETICALLY BY Name 

address    name
--------   ----
003f6000   .text
003f6ae7   C$$EXIT
003f6402   FS$$ADD
003f637a   FS$$DIV
003f6628   FS$$MPY
003f63fd   FS$$SUB
003f68ed   FS$$TOL
003f69aa   FS$$TOUL
003f6b6b   UL$$TOFS
003f6c10   _ADCINT1_ISR
003f6c15   _ADCINT2_ISR
003f6c1a   _ADCINT3_ISR
003f6c1f   _ADCINT4_ISR
003f6c24   _ADCINT5_ISR
003f6c29   _ADCINT6_ISR
003f6c2e   _ADCINT7_ISR
003f6c33   _ADCINT8_ISR
003f6c38   _ADCINT9_ISR
00008d90   _AD_u16_I_AC
00008d96   _AD_u16_U_3V_REF
00008d8c   _AD_u16_U_AC_L_FB
00008d8d   _AD_u16_U_AC_N_FB
00008d8e   _AD_u16_U_HV_FB
00008d85   _AVG_AD_u16_I_AC
00008d80   _AVG_AD_u16_U_3V_REF
00008d84   _AVG_AD_u16_U_AC_L_FB
00008d82   _AVG_AD_u16_U_AC_N_FB
00008d83   _AVG_AD_u16_U_HV_FB
00008d94   _AVG_TEMP_AD_u16_I_AC
00008d92   _AVG_TEMP_AD_u16_U_3V_REF
00008d93   _AVG_TEMP_AD_u16_U_AC_L_FB
00008d91   _AVG_TEMP_AD_u16_U_AC_N_FB
00008d95   _AVG_TEMP_AD_u16_U_HV_FB
003f6475   _AdcChanSelect
003f6162   _AdcConversion
003f6916   _AdcOffsetSelfCal
00007100   _AdcRegs
00000b00   _AdcResult
00008d58   _CTRL2P2Z_COEFF_VOLTAGE_LOOP
00008d50   _CTRL2P2Z_COEFF_current_LOOP
00008d87   _Charge_process
003f6b00   _Check_Fast_Bus_Voltage_Conditions
00008d8f   _Cnt_boost_power
00006400   _Comp1Regs
00006420   _Comp2Regs
003f655c   _ConfigureADC
00008c38   _CpuTimer0
00000c00   _CpuTimer0Regs
00008c28   _CpuTimer1
00000c08   _CpuTimer1Regs
00008c30   _CpuTimer2
00000c10   _CpuTimer2Regs
003f7ff8   _CsmPwl
00000ae0   _CsmRegs
003f6c3d   _DATALOG_ISR
0000801b   _DSP28x_usDelay
00000880   _DevEmuRegs
003f6bf2   _DisableDog
003f6c42   _ECAP1_INT_ISR
00006a00   _ECap1Regs
003f6c47   _EMPTY_ISR
003f6c4c   _EMUINT_ISR
003f6c51   _EPWM1_INT_ISR
003f6c56   _EPWM1_TZINT_ISR
003f6c5b   _EPWM2_INT_ISR
003f6c60   _EPWM2_TZINT_ISR
003f6c65   _EPWM3_INT_ISR
003f6c6a   _EPWM3_TZINT_ISR
003f6c6f   _EPWM4_INT_ISR
003f6c74   _EPWM4_TZINT_ISR
00006800   _EPwm1Regs
00006840   _EPwm2Regs
00006880   _EPwm3Regs
000068c0   _EPwm4Regs
00000d01   _EmuBMode
00000d00   _EmuKey
003f6988   _Filter_date
00008d86   _Flag_Txd
00008d63   _Flag_Txd_cnt
00000a80   _FlashRegs
00000d04   _Flash_CPUScaleFactor
00000d02   _Flash_CallbackPtr
00006f80   _GpioCtrlRegs
00006fc0   _GpioDataRegs
00006fe0   _GpioIntRegs
003f6c79   _I2CINT1A_ISR
003f6c7e   _I2CINT2A_ISR
00007900   _I2caRegs
003f6c83   _ILLEGAL_ISR
003f6c88   _INT13_ISR
003f6c8d   _INT14_ISR
003f6a2b   _InitAdc
003f6892   _InitComp
003f6a49   _InitCpuTimers
003f6b90   _InitEPwm
003f66d6   _InitEPwm1
003f6b7e   _InitEPwm1Gpio
003f6d0f   _InitEPwmGpio
00008000   _InitFlash
003f64ea   _InitGpio
003f6860   _InitPeripheralClocks
003f6a0c   _InitPieCtrl
003f6963   _InitPieVectTable
003f6682   _InitPll
003f6b17   _InitSci
003f6d12   _InitSciGpio
003f6b44   _InitSciaGpio
003f6a81   _InitSysCtrl
00008c44   _InputFreqState_e
003f6ba1   _IntOsc1Sel
00008802   _KD_set
00008801   _KI_set
00008800   _KP_set
003f6c92   _NMI_ISR
00007060   _NmiIntruptRegs
003f6bfa   _PFC_On
003f6c97   _PIE_RESERVED
003f67ef   _PI_VBus
003d7fff   _PartIdRegs
00000ce0   _PieCtrlRegs
00000d00   _PieVectTable
003f6d18   _PieVectTableInit
003f6d15   _Power_state_control
003f6c9c   _RTOSINT_ISR
0000001f   _RamfuncsLoadSize
003f6eae   _RamfuncsLoadStart
00008000   _RamfuncsRunStart
00008804   _Rxd_buf
003f6be0   _SCICommu_Control
003f6ca1   _SCIRXINTA_ISR
003f6ca6   _SCITXINTA_ISR
003f69ec   _SCI_DataRx
003f682c   _SCI_DoRx
003f6ab5   _SCI_DoTx
003f6cab   _SPIRXINTA_ISR
003f6cb0   _SPITXINTA_ISR
00007050   _SciaRegs
00007040   _SpiaRegs
00007010   _SysCtrlRegs
00000985   _SysPwrCtrlRegs
003f6cb5   _TINT0_ISR
00008803   _Txd_Cnt
00008840   _Txd_buf
003f6cba   _USER10_ISR
003f6cbf   _USER11_ISR
003f6cc4   _USER12_ISR
003f6cc9   _USER1_ISR
003f6cce   _USER2_ISR
003f6cd3   _USER3_ISR
003f6cd8   _USER4_ISR
003f6cdd   _USER5_ISR
003f6ce2   _USER6_ISR
003f6ce7   _USER7_ISR
003f6cec   _USER8_ISR
003f6cf1   _USER9_ISR
003f693d   _Vbus_Control
003f6bbe   _Vbus_Control_Init
003f6b58   _Vbus_Feedforward_Scaling
003f6d16   _Vbus_Generate_Err
003f6cf6   _WAKEINT_ISR
003f6cfb   _XINT1_ISR
003f6d00   _XINT2_ISR
003f6d05   _XINT3_ISR
00007070   _XIntruptRegs
00000350   __STACK_END
00000300   __STACK_SIZE
00000001   __TI_args_main
00008d6e   ___TI_cleanup_ptr
00008d70   ___TI_dtors_ptr
ffffffff   ___binit__
ffffffff   ___c_args__
003f6e18   ___cinit__
003f6d17   ___etext__
003f69cb   ___memcpy_ff
ffffffff   ___pinit__
003f6000   ___text__
003f6ace   __args_main
00008d6c   __lock
003f6bf1   __nop
003f6bed   __register_lock
003f6be9   __register_unlock
00000050   __stack
00008d6a   __unlock
003f6ae7   _abort
003f6000   _adc_isr
003f68c1   _analog_ChkInputCalc
003f65c2   _analog_ChkInputFreq
003f676d   _c_int00
003f6ae9   _exit
00008d4e   _iVbus_Err
003f62b2   _main
003f6bb1   _period_1ms_repetitive
003f6bca   _period_200us_repetitive
003f6d0a   _rsvd_ISR
00008d97   _t_Timers
00008d66   _temp1
00008d67   _temp2
00008d60   _temp_vin_UV
00008d68   _temp_vin_UV_Clr
00008c4c   _test
00008d4d   _u16AvgVbus
00008c43   _u16IpVoltRMS
00008c41   _u16IpVoltRMSAvg
00008d89   _u16Xiin
00008d8b   _u16Xvin
00008c58   _u32AcHalfPeriod
00008c5a   _u32AcHalfPeriodAvg
00008c5c   _u32IpVoltSumOfSquare
00008c40   _u8IpSampleCnt
00008d47   _uAvgSqVin_z1
00008d4c   _uAvgVbusCnt
00008d81   _uIctl_Ref
00008d8a   _uIsenseAdj
00008d49   _uPFCFlags
00008d4a   _uPowerState
00008d48   _uVbus_Area
00008d46   _uVbus_Gain_Adj_AC
00008d4b   _uVbus_Ref
00008d88   _uVbus_Ref_Target
ffffffff   binit
003f6e18   cinit
003f7ff6   code_start
003f6d17   etext
ffffffff   pinit


GLOBAL SYMBOLS: SORTED BY Symbol Address 

address    name
--------   ----
00000001   __TI_args_main
0000001f   _RamfuncsLoadSize
00000050   __stack
00000300   __STACK_SIZE
00000350   __STACK_END
00000880   _DevEmuRegs
00000985   _SysPwrCtrlRegs
00000a80   _FlashRegs
00000ae0   _CsmRegs
00000b00   _AdcResult
00000c00   _CpuTimer0Regs
00000c08   _CpuTimer1Regs
00000c10   _CpuTimer2Regs
00000ce0   _PieCtrlRegs
00000d00   _EmuKey
00000d00   _PieVectTable
00000d01   _EmuBMode
00000d02   _Flash_CallbackPtr
00000d04   _Flash_CPUScaleFactor
00006400   _Comp1Regs
00006420   _Comp2Regs
00006800   _EPwm1Regs
00006840   _EPwm2Regs
00006880   _EPwm3Regs
000068c0   _EPwm4Regs
00006a00   _ECap1Regs
00006f80   _GpioCtrlRegs
00006fc0   _GpioDataRegs
00006fe0   _GpioIntRegs
00007010   _SysCtrlRegs
00007040   _SpiaRegs
00007050   _SciaRegs
00007060   _NmiIntruptRegs
00007070   _XIntruptRegs
00007100   _AdcRegs
00007900   _I2caRegs
00008000   _InitFlash
00008000   _RamfuncsRunStart
0000801b   _DSP28x_usDelay
00008800   _KP_set
00008801   _KI_set
00008802   _KD_set
00008803   _Txd_Cnt
00008804   _Rxd_buf
00008840   _Txd_buf
00008c28   _CpuTimer1
00008c30   _CpuTimer2
00008c38   _CpuTimer0
00008c40   _u8IpSampleCnt
00008c41   _u16IpVoltRMSAvg
00008c43   _u16IpVoltRMS
00008c44   _InputFreqState_e
00008c4c   _test
00008c58   _u32AcHalfPeriod
00008c5a   _u32AcHalfPeriodAvg
00008c5c   _u32IpVoltSumOfSquare
00008d46   _uVbus_Gain_Adj_AC
00008d47   _uAvgSqVin_z1
00008d48   _uVbus_Area
00008d49   _uPFCFlags
00008d4a   _uPowerState
00008d4b   _uVbus_Ref
00008d4c   _uAvgVbusCnt
00008d4d   _u16AvgVbus
00008d4e   _iVbus_Err
00008d50   _CTRL2P2Z_COEFF_current_LOOP
00008d58   _CTRL2P2Z_COEFF_VOLTAGE_LOOP
00008d60   _temp_vin_UV
00008d63   _Flag_Txd_cnt
00008d66   _temp1
00008d67   _temp2
00008d68   _temp_vin_UV_Clr
00008d6a   __unlock
00008d6c   __lock
00008d6e   ___TI_cleanup_ptr
00008d70   ___TI_dtors_ptr
00008d80   _AVG_AD_u16_U_3V_REF
00008d81   _uIctl_Ref
00008d82   _AVG_AD_u16_U_AC_N_FB
00008d83   _AVG_AD_u16_U_HV_FB
00008d84   _AVG_AD_u16_U_AC_L_FB
00008d85   _AVG_AD_u16_I_AC
00008d86   _Flag_Txd
00008d87   _Charge_process
00008d88   _uVbus_Ref_Target
00008d89   _u16Xiin
00008d8a   _uIsenseAdj
00008d8b   _u16Xvin
00008d8c   _AD_u16_U_AC_L_FB
00008d8d   _AD_u16_U_AC_N_FB
00008d8e   _AD_u16_U_HV_FB
00008d8f   _Cnt_boost_power
00008d90   _AD_u16_I_AC
00008d91   _AVG_TEMP_AD_u16_U_AC_N_FB
00008d92   _AVG_TEMP_AD_u16_U_3V_REF
00008d93   _AVG_TEMP_AD_u16_U_AC_L_FB
00008d94   _AVG_TEMP_AD_u16_I_AC
00008d95   _AVG_TEMP_AD_u16_U_HV_FB
00008d96   _AD_u16_U_3V_REF
00008d97   _t_Timers
003d7fff   _PartIdRegs
003f6000   .text
003f6000   ___text__
003f6000   _adc_isr
003f6162   _AdcConversion
003f62b2   _main
003f637a   FS$$DIV
003f63fd   FS$$SUB
003f6402   FS$$ADD
003f6475   _AdcChanSelect
003f64ea   _InitGpio
003f655c   _ConfigureADC
003f65c2   _analog_ChkInputFreq
003f6628   FS$$MPY
003f6682   _InitPll
003f66d6   _InitEPwm1
003f676d   _c_int00
003f67ef   _PI_VBus
003f682c   _SCI_DoRx
003f6860   _InitPeripheralClocks
003f6892   _InitComp
003f68c1   _analog_ChkInputCalc
003f68ed   FS$$TOL
003f6916   _AdcOffsetSelfCal
003f693d   _Vbus_Control
003f6963   _InitPieVectTable
003f6988   _Filter_date
003f69aa   FS$$TOUL
003f69cb   ___memcpy_ff
003f69ec   _SCI_DataRx
003f6a0c   _InitPieCtrl
003f6a2b   _InitAdc
003f6a49   _InitCpuTimers
003f6a81   _InitSysCtrl
003f6ab5   _SCI_DoTx
003f6ace   __args_main
003f6ae7   C$$EXIT
003f6ae7   _abort
003f6ae9   _exit
003f6b00   _Check_Fast_Bus_Voltage_Conditions
003f6b17   _InitSci
003f6b44   _InitSciaGpio
003f6b58   _Vbus_Feedforward_Scaling
003f6b6b   UL$$TOFS
003f6b7e   _InitEPwm1Gpio
003f6b90   _InitEPwm
003f6ba1   _IntOsc1Sel
003f6bb1   _period_1ms_repetitive
003f6bbe   _Vbus_Control_Init
003f6bca   _period_200us_repetitive
003f6be0   _SCICommu_Control
003f6be9   __register_unlock
003f6bed   __register_lock
003f6bf1   __nop
003f6bf2   _DisableDog
003f6bfa   _PFC_On
003f6c10   _ADCINT1_ISR
003f6c15   _ADCINT2_ISR
003f6c1a   _ADCINT3_ISR
003f6c1f   _ADCINT4_ISR
003f6c24   _ADCINT5_ISR
003f6c29   _ADCINT6_ISR
003f6c2e   _ADCINT7_ISR
003f6c33   _ADCINT8_ISR
003f6c38   _ADCINT9_ISR
003f6c3d   _DATALOG_ISR
003f6c42   _ECAP1_INT_ISR
003f6c47   _EMPTY_ISR
003f6c4c   _EMUINT_ISR
003f6c51   _EPWM1_INT_ISR
003f6c56   _EPWM1_TZINT_ISR
003f6c5b   _EPWM2_INT_ISR
003f6c60   _EPWM2_TZINT_ISR
003f6c65   _EPWM3_INT_ISR
003f6c6a   _EPWM3_TZINT_ISR
003f6c6f   _EPWM4_INT_ISR
003f6c74   _EPWM4_TZINT_ISR
003f6c79   _I2CINT1A_ISR
003f6c7e   _I2CINT2A_ISR
003f6c83   _ILLEGAL_ISR
003f6c88   _INT13_ISR
003f6c8d   _INT14_ISR
003f6c92   _NMI_ISR
003f6c97   _PIE_RESERVED
003f6c9c   _RTOSINT_ISR
003f6ca1   _SCIRXINTA_ISR
003f6ca6   _SCITXINTA_ISR
003f6cab   _SPIRXINTA_ISR
003f6cb0   _SPITXINTA_ISR
003f6cb5   _TINT0_ISR
003f6cba   _USER10_ISR
003f6cbf   _USER11_ISR
003f6cc4   _USER12_ISR
003f6cc9   _USER1_ISR
003f6cce   _USER2_ISR
003f6cd3   _USER3_ISR
003f6cd8   _USER4_ISR
003f6cdd   _USER5_ISR
003f6ce2   _USER6_ISR
003f6ce7   _USER7_ISR
003f6cec   _USER8_ISR
003f6cf1   _USER9_ISR
003f6cf6   _WAKEINT_ISR
003f6cfb   _XINT1_ISR
003f6d00   _XINT2_ISR
003f6d05   _XINT3_ISR
003f6d0a   _rsvd_ISR
003f6d0f   _InitEPwmGpio
003f6d12   _InitSciGpio
003f6d15   _Power_state_control
003f6d16   _Vbus_Generate_Err
003f6d17   ___etext__
003f6d17   etext
003f6d18   _PieVectTableInit
003f6e18   ___cinit__
003f6e18   cinit
003f6eae   _RamfuncsLoadStart
003f7ff6   code_start
003f7ff8   _CsmPwl
ffffffff   ___binit__
ffffffff   ___c_args__
ffffffff   ___pinit__
ffffffff   binit
ffffffff   pinit

[224 symbols]
